/opt/conda/envs/marionette/lib/python3.10/site-packages/lightning_fabric/__init__.py:29: UserWarning: pkg_resources is deprecated as an API. See https://setuptools.pypa.io/en/latest/pkg_resources.html. The pkg_resources package is slated for removal as early as 2025-11-30. Refrain from using this package or pin to Setuptools<81.
  __import__("pkg_resources").declare_namespace(__name__)
[GPU 1] Processing 1229 sequences (Range: 1229 -> 2458)
po_matrix shape: torch.Size([512, 9, 9]) sum0: 26.0
tau before cond_encoder: torch.Size([512, 13]) time: torch.Size([512, 13])
tau after  cond_encoder: torch.Size([512, 13]) time: torch.Size([512, 13])
[DEBUG][shape] time torch.Size([512, 13])
[DEBUG][shape] mask torch.Size([512, 13])
[DEBUG][shape] tau  torch.Size([512, 13])
[DEBUG][shape] cond1 torch.Size([512, 13])
[DEBUG][shape] unpadded_length torch.Size([512]) 12
[DEBUG][shape] content_token torch.Size([512, 27])
po_matrix shape: torch.Size([512, 9, 9]) sum0: 20.0
tau before cond_encoder: torch.Size([512, 12]) time: torch.Size([512, 12])
tau after  cond_encoder: torch.Size([512, 12]) time: torch.Size([512, 12])
[DEBUG][shape] time torch.Size([512, 12])
[DEBUG][shape] mask torch.Size([512, 12])
[DEBUG][shape] tau  torch.Size([512, 12])
[DEBUG][shape] cond1 torch.Size([512, 12])
[DEBUG][shape] unpadded_length torch.Size([512]) 11
[DEBUG][shape] content_token torch.Size([512, 25])
po_matrix shape: torch.Size([205, 9, 9]) sum0: 24.0
tau before cond_encoder: torch.Size([205, 14]) time: torch.Size([205, 14])
tau after  cond_encoder: torch.Size([205, 14]) time: torch.Size([205, 14])
[DEBUG][shape] time torch.Size([205, 14])
[DEBUG][shape] mask torch.Size([205, 14])
[DEBUG][shape] tau  torch.Size([205, 14])
[DEBUG][shape] cond1 torch.Size([205, 14])
[DEBUG][shape] unpadded_length torch.Size([205]) 13
[DEBUG][shape] content_token torch.Size([205, 29])

[Baseline2] Applying post-hoc swap to 1229 sequences...
[Baseline2 Post-hoc Swap] Summary:
  Total sequences: 1229
  Total constraints checked: 27253
  Violated before swap: 26187
  Violated after swap:  23921
  Reduction: 0.0865
  NOTE: Remaining violations are due to missing categories (category absent from generated sequence, cannot fix by reordering)
[Baseline2] Done. Summary: {'total_seqs': 1229, 'total_constraints_checked': 27253, 'total_violated_before': 26187, 'total_violated_after': 23921, 'reduction_ratio': 0.08653148508802078}
[GPU 1] Saved part file to ./data/Istanbul_PO1_OOD/Istanbul_PO1_OOD_e70zggrj_generated_part1.pkl
