/opt/conda/envs/marionette/lib/python3.10/site-packages/lightning_fabric/__init__.py:29: UserWarning: pkg_resources is deprecated as an API. See https://setuptools.pypa.io/en/latest/pkg_resources.html. The pkg_resources package is slated for removal as early as 2025-11-30. Refrain from using this package or pin to Setuptools<81.
  __import__("pkg_resources").declare_namespace(__name__)
[GPU 3] Processing 1227 sequences (Range: 3687 -> 4914)
po_matrix shape: torch.Size([512, 9, 9]) sum0: 26.0
tau before cond_encoder: torch.Size([512, 13]) time: torch.Size([512, 13])
tau after  cond_encoder: torch.Size([512, 13]) time: torch.Size([512, 13])
[DEBUG][shape] time torch.Size([512, 13])
[DEBUG][shape] mask torch.Size([512, 13])
[DEBUG][shape] tau  torch.Size([512, 13])
[DEBUG][shape] cond1 torch.Size([512, 13])
[DEBUG][shape] unpadded_length torch.Size([512]) 12
[DEBUG][shape] content_token torch.Size([512, 27])
po_matrix shape: torch.Size([512, 9, 9]) sum0: 20.0
tau before cond_encoder: torch.Size([512, 15]) time: torch.Size([512, 15])
tau after  cond_encoder: torch.Size([512, 15]) time: torch.Size([512, 15])
[DEBUG][shape] time torch.Size([512, 15])
[DEBUG][shape] mask torch.Size([512, 15])
[DEBUG][shape] tau  torch.Size([512, 15])
[DEBUG][shape] cond1 torch.Size([512, 15])
[DEBUG][shape] unpadded_length torch.Size([512]) 14
[DEBUG][shape] content_token torch.Size([512, 31])
po_matrix shape: torch.Size([203, 9, 9]) sum0: 19.0
tau before cond_encoder: torch.Size([203, 13]) time: torch.Size([203, 13])
tau after  cond_encoder: torch.Size([203, 13]) time: torch.Size([203, 13])
[DEBUG][shape] time torch.Size([203, 13])
[DEBUG][shape] mask torch.Size([203, 13])
[DEBUG][shape] tau  torch.Size([203, 13])
[DEBUG][shape] cond1 torch.Size([203, 13])
[DEBUG][shape] unpadded_length torch.Size([203]) 12
[DEBUG][shape] content_token torch.Size([203, 27])
[GPU 3] Saved part file to ./data/Istanbul_PO1_OOD/Istanbul_PO1_OOD_s65813lj_generated_part3.pkl
