[03:29:55][__main__][INFO] /root/original/wandb/run-20260506_032952-gv8x57hk/files
[03:29:55][__main__][INFO] Loading data
[03:31:15][__main__][INFO] NewYork_PO1_OOD
[03:31:15][__main__][INFO] Instantiating model
[03:31:15][__main__][INFO] Loading checkpoint
[03:31:15][__main__][INFO] Instantiating trainer
[03:31:15][__main__][INFO] Starting training!
[03:31:15][torch.distributed.distributed_c10d][INFO] Added key: store_based_barrier_key:1 to store for rank: 3
[03:31:15][torch.distributed.distributed_c10d][INFO] Rank 3: Completed store-based barrier for key:store_based_barrier_key:1 with 4 nodes.
[03:31:21][asyncio][WARNING] socket.send() raised exception.
[03:31:21][asyncio][WARNING] socket.send() raised exception.
[03:31:21][asyncio][WARNING] socket.send() raised exception.
[03:31:21][asyncio][WARNING] socket.send() raised exception.
[03:31:21][asyncio][WARNING] socket.send() raised exception.
[03:31:21][asyncio][WARNING] socket.send() raised exception.
[03:31:21][asyncio][WARNING] socket.send() raised exception.
[03:31:21][asyncio][WARNING] socket.send() raised exception.
[03:31:21][asyncio][WARNING] socket.send() raised exception.
[03:31:21][asyncio][WARNING] socket.send() raised exception.
[03:31:21][asyncio][WARNING] socket.send() raised exception.
[03:31:21][asyncio][WARNING] socket.send() raised exception.
[03:31:21][asyncio][WARNING] socket.send() raised exception.
[03:31:21][asyncio][WARNING] socket.send() raised exception.
[03:31:21][asyncio][WARNING] socket.send() raised exception.
[03:31:21][asyncio][WARNING] socket.send() raised exception.
[03:31:21][asyncio][WARNING] socket.send() raised exception.
[03:31:21][asyncio][WARNING] socket.send() raised exception.
[03:31:21][asyncio][WARNING] socket.send() raised exception.
[03:34:07][__main__][INFO] /root/original/wandb/run-20260506_033404-te2wgwg9/files
[03:34:07][__main__][INFO] Loading data
[03:35:26][__main__][INFO] NewYork_PO1_OOD
[03:35:26][__main__][INFO] Instantiating model
[03:35:26][__main__][INFO] Loading checkpoint
[03:35:26][__main__][INFO] Instantiating trainer
[03:35:26][__main__][INFO] Starting training!
[03:35:26][torch.distributed.distributed_c10d][INFO] Added key: store_based_barrier_key:1 to store for rank: 3
[03:35:27][torch.distributed.distributed_c10d][INFO] Rank 3: Completed store-based barrier for key:store_based_barrier_key:1 with 4 nodes.
[06:40:55][__main__][INFO] /root/original/wandb/run-20260506_064053-n9acmcaj/files
[06:40:55][__main__][INFO] Loading data
[06:42:15][__main__][INFO] NewYork_PO1_OOD
[06:42:15][__main__][INFO] Instantiating model
[06:42:15][__main__][INFO] Loading checkpoint
[06:42:15][__main__][INFO] Instantiating trainer
[06:42:15][__main__][INFO] Starting training!
[06:42:15][torch.distributed.distributed_c10d][INFO] Added key: store_based_barrier_key:1 to store for rank: 3
[06:42:15][torch.distributed.distributed_c10d][INFO] Rank 3: Completed store-based barrier for key:store_based_barrier_key:1 with 4 nodes.
[06:47:52][__main__][INFO] /root/original/wandb/run-20260506_064749-1qjpwe1d/files
[06:47:52][__main__][INFO] Loading data
[06:49:10][__main__][INFO] NewYork_PO1_OOD
[06:49:10][__main__][INFO] Instantiating model
[06:49:11][__main__][INFO] Loading checkpoint
[06:49:11][__main__][INFO] Instantiating trainer
[06:49:11][__main__][INFO] Starting training!
[06:49:11][torch.distributed.distributed_c10d][INFO] Added key: store_based_barrier_key:1 to store for rank: 3
[06:49:12][torch.distributed.distributed_c10d][INFO] Rank 3: Completed store-based barrier for key:store_based_barrier_key:1 with 4 nodes.
[06:54:20][__main__][INFO] /root/original/wandb/run-20260506_065418-v81nyggg/files
[06:54:20][__main__][INFO] Loading data
[06:55:39][__main__][INFO] NewYork_PO1_OOD
[06:55:39][__main__][INFO] Instantiating model
[06:55:39][__main__][INFO] Loading checkpoint
[06:55:39][__main__][INFO] Instantiating trainer
[06:55:39][__main__][INFO] Starting training!
[06:55:40][torch.distributed.distributed_c10d][INFO] Added key: store_based_barrier_key:1 to store for rank: 3
[06:55:40][torch.distributed.distributed_c10d][INFO] Rank 3: Completed store-based barrier for key:store_based_barrier_key:1 with 4 nodes.
[07:00:51][__main__][INFO] /root/original/wandb/run-20260506_070048-epljjkv3/files
[07:00:51][__main__][INFO] Loading data
[07:02:10][__main__][INFO] NewYork_PO1_OOD
[07:02:10][__main__][INFO] Instantiating model
[07:02:10][__main__][INFO] Loading checkpoint
[07:02:10][__main__][INFO] Instantiating trainer
[07:02:10][__main__][INFO] Starting training!
[07:02:10][torch.distributed.distributed_c10d][INFO] Added key: store_based_barrier_key:1 to store for rank: 3
[07:02:11][torch.distributed.distributed_c10d][INFO] Rank 3: Completed store-based barrier for key:store_based_barrier_key:1 with 4 nodes.
[07:10:57][__main__][INFO] /root/original/wandb/run-20260506_071054-3ghr6669/files
[07:10:57][__main__][INFO] Loading data
[07:11:48][__main__][INFO] NewYork_PO1_OOD
[07:11:48][__main__][INFO] Instantiating model
[07:11:48][__main__][INFO] Loading checkpoint
[07:11:48][__main__][INFO] Instantiating trainer
[07:11:48][__main__][INFO] Starting training!
[07:11:48][torch.distributed.distributed_c10d][INFO] Added key: store_based_barrier_key:1 to store for rank: 3
[07:11:48][torch.distributed.distributed_c10d][INFO] Rank 3: Completed store-based barrier for key:store_based_barrier_key:1 with 4 nodes.
[07:14:49][__main__][INFO] /root/original/wandb/run-20260506_071447-0s0fzw6q/files
[07:14:49][__main__][INFO] Loading data
[07:15:40][__main__][INFO] NewYork_PO1_OOD
[07:15:40][__main__][INFO] Instantiating model
[07:15:40][__main__][INFO] Loading checkpoint
[07:15:40][__main__][INFO] Instantiating trainer
[07:15:40][__main__][INFO] Starting training!
[07:15:40][torch.distributed.distributed_c10d][INFO] Added key: store_based_barrier_key:1 to store for rank: 3
[07:15:40][torch.distributed.distributed_c10d][INFO] Rank 3: Completed store-based barrier for key:store_based_barrier_key:1 with 4 nodes.
[01:20:49][__main__][INFO] [rank0] wandb.run.dir = /root/original/wandb/run-20260512_012048-xu6uxt5r/files
[01:20:49][__main__][INFO] Loading data
[01:21:40][__main__][INFO] NewYork_PO1_OOD
[01:21:40][__main__][INFO] Instantiating model
[01:21:40][__main__][INFO] Loading checkpoint
[01:21:40][__main__][INFO] Instantiating trainer
[01:21:40][__main__][INFO] Starting training!
[01:21:40][torch.distributed.distributed_c10d][INFO] Added key: store_based_barrier_key:1 to store for rank: 3
[01:21:41][torch.distributed.distributed_c10d][INFO] Rank 3: Completed store-based barrier for key:store_based_barrier_key:1 with 4 nodes.
